[INFO] Scanning for projects...
[INFO] 
[INFO] ------------------------< com.Blog:UserService >------------------------
[INFO] Building UserService 0.0.1-SNAPSHOT
[INFO]   from pom.xml
[INFO] --------------------------------[ jar ]---------------------------------
[INFO] 
[INFO] --- clean:3.3.2:clean (default-clean) @ UserService ---
[INFO] Deleting E:\UserService\target
[INFO] 
[INFO] --- resources:3.3.1:resources (default-resources) @ UserService ---
[INFO] Copying 1 resource from src\main\resources to target\classes
[INFO] Copying 0 resource from src\main\resources to target\classes
[INFO] 
[INFO] --- compiler:3.11.0:compile (default-compile) @ UserService ---
[INFO] Changes detected - recompiling the module! :source
[INFO] Compiling 166 source files with javac [debug release 17] to target\classes
[INFO] /E:/UserService/src/main/java/com/Blog/Platform/AiService/Client/GeminiClient.java: E:\UserService\src\main\java\com\Blog\Platform\AiService\Client\GeminiClient.java uses unchecked or unsafe operations.
[INFO] /E:/UserService/src/main/java/com/Blog/Platform/AiService/Client/GeminiClient.java: Recompile with -Xlint:unchecked for details.
[INFO] -------------------------------------------------------------
[ERROR] COMPILATION ERROR : 
[INFO] -------------------------------------------------------------
[ERROR] /E:/UserService/src/main/java/com/Blog/Platform/User/ServiceImpl/UserServiceImpl.java:[135,16] no suitable constructor found for UserProfileResponse(java.util.UUID,java.lang.String,java.lang.String,java.lang.String,java.lang.String,java.lang.String,java.lang.String,java.lang.String,java.lang.String,java.lang.String,java.lang.String,boolean,boolean,int,int)
    constructor com.Blog.Platform.User.DTO.UserProfileResponse.UserProfileResponse() is not applicable
      (actual and formal argument lists differ in length)
    constructor com.Blog.Platform.User.DTO.UserProfileResponse.UserProfileResponse(java.util.UUID,java.lang.String,java.lang.String,java.lang.String,java.lang.String,java.lang.String,java.lang.String,java.lang.String,java.lang.String,java.lang.String,boolean,boolean,int,int) is not applicable
      (actual and formal argument lists differ in length)
[INFO] 1 error
[INFO] -------------------------------------------------------------
[INFO] ------------------------------------------------------------------------
[INFO] BUILD FAILURE
[INFO] ------------------------------------------------------------------------
[INFO] Total time:  16.102 s
[INFO] Finished at: 2026-01-30T12:04:52+05:30
[INFO] ------------------------------------------------------------------------
[ERROR] Failed to execute goal org.apache.maven.plugins:maven-compiler-plugin:3.11.0:compile (default-compile) on project UserService: Compilation failure
[ERROR] /E:/UserService/src/main/java/com/Blog/Platform/User/ServiceImpl/UserServiceImpl.java:[135,16] no suitable constructor found for UserProfileResponse(java.util.UUID,java.lang.String,java.lang.String,java.lang.String,java.lang.String,java.lang.String,java.lang.String,java.lang.String,java.lang.String,java.lang.String,java.lang.String,boolean,boolean,int,int)
[ERROR]     constructor com.Blog.Platform.User.DTO.UserProfileResponse.UserProfileResponse() is not applicable
[ERROR]       (actual and formal argument lists differ in length)
[ERROR]     constructor com.Blog.Platform.User.DTO.UserProfileResponse.UserProfileResponse(java.util.UUID,java.lang.String,java.lang.String,java.lang.String,java.lang.String,java.lang.String,java.lang.String,java.lang.String,java.lang.String,java.lang.String,boolean,boolean,int,int) is not applicable
[ERROR]       (actual and formal argument lists differ in length)
[ERROR] 
[ERROR] -> [Help 1]
[ERROR] 
[ERROR] To see the full stack trace of the errors, re-run Maven with the -e switch.
[ERROR] Re-run Maven using the -X switch to enable full debug logging.
[ERROR] 
[ERROR] For more information about the errors and possible solutions, please read the following articles:
[ERROR] [Help 1] http://cwiki.apache.org/confluence/display/MAVEN/MojoFailureException
